MAP
    NAME "SS_MAP_MCIR_MACROCIRCUITOS_BATERIA"
    INCLUDE 'includes/globals.map'
    WEB
        INCLUDE "includes/temp_directory.map"
        METADATA
            INCLUDE 'includes/common_metadata.map'
        END #METADATA
    END #WEB
    CONFIG "MS_ERRORFILE" "/srv/mapserver/err_macrocircuitos_bateria.log"
    DEBUG 0
    LAYER
        NAME "SS_MAP_MCIR_MACROCIRCUITOS_BATERIA"
        PROJECTION
            'init=epsg:32614'
        END #PROJECTION
        METADATA
            'ows_title' 'Macrocircuitos'
            'ows_include_items' 'all'
            'gml_include_items' 'all'
        END #METADATA
        CONNECTIONTYPE POSTGIS
        INCLUDE 'includes/conexion.map'
        DATA "geometry from macrocircuitos using unique gid using srid=32614"
        STATUS DEFAULT
        TYPE POLYGON
        CLASSITEM "batsum"
        TEMPLATE "x.html"
        CLASS
            NAME "MURALLA"
            EXPRESSION "MURALLA"
            TEXT '[mcto][sts4]'
            LABEL
                SIZE 19
                COLOR 0 0 255
                OUTLINECOLOR 254 254 254
                TYPE TRUETYPE
                FONT "arial"
            END #LABEL
            STYLE
                COLOR 0 255 0
                OUTLINECOLOR 0 0 255
            END #STYLE
        END #CLASS
        CLASS
            NAME "ORIENTE NORTE"
            EXPRESSION "ORIENTE NORTE"
            TEXT '[mcto][sts4]'
            LABEL
                SIZE 19
                COLOR 0 0 255
                OUTLINECOLOR 254 254 254
                TYPE TRUETYPE
                FONT "arial"
            END #LABEL
            STYLE
                COLOR 170 0 170
                OUTLINECOLOR 0 0 255
            END #STYLE
        END #CLASS
        CLASS
            NAME "ORIENTE SUR"
            EXPRESSION "ORIENTE SUR"
            TEXT '[mcto][sts4]'
            LABEL
                SIZE 19
                COLOR 0 0 255
                OUTLINECOLOR 254 254 254
                TYPE TRUETYPE
                FONT "arial"
            END #LABEL
            STYLE
                COLOR 100 0 100
                OUTLINECOLOR 0 0 255
            END #STYLE
        END #CLASS
        CLASS
            NAME "PONIENTE"
            EXPRESSION "PONIENTE"
            TEXT '[mcto][sts4]'
            LABEL
                SIZE 19
                COLOR 0 120 120
                OUTLINECOLOR 254 254 254
                TYPE TRUETYPE
                FONT "arial"
            END #LABEL
            STYLE
                COLOR 0 147 221
                OUTLINECOLOR 0 0 255
            END #STYLE
        END #CLASS
        CLASS
            NAME "SUR"
            EXPRESSION "SUR"
            TEXT '[mcto][sts4]'
            LABEL
                SIZE 19
                COLOR 0 0 255
                OUTLINECOLOR 254 254 254
                TYPE TRUETYPE
                FONT "arial"
            END #LABEL
            STYLE
                COLOR 221 255 207
                OUTLINECOLOR 0 0 255
            END #STYLE
        END #CLASS
        CLASS
            NAME "TURBIO"
            EXPRESSION "TURBIO"
            TEXT '[mcto][sts4]'
            LABEL
                SIZE 19
                COLOR 0 0 255
                OUTLINECOLOR 254 254 254
                TYPE TRUETYPE
                FONT "arial"
            END #LABEL
            STYLE
                COLOR 255 0 0
                OUTLINECOLOR 0 0 255
            END #STYLE
        END #CLASS
        CLASS
            NAME "CIUDAD"
            EXPRESSION "CIUDAD"
            TEXT '[mcto][sts4]'
            LABEL
                SIZE 19
                COLOR 0 0 255
                OUTLINECOLOR 254 254 254
                TYPE TRUETYPE
                FONT "arial"
            END #LABEL
            STYLE
                COLOR 191 123 7
                OUTLINECOLOR 0 0 255
            END #STYLE
        END #CLASS
        CLASS
            NAME "CIUDAD-POTABILIZADORA"
            EXPRESSION "CIUDAD-POTABILIZADORA"
            TEXT '[mcto][sts4]'
            LABEL
                SIZE 19
                COLOR 0 0 255
                OUTLINECOLOR 254 254 254
                TYPE TRUETYPE
                FONT "arial"
            END #LABEL
            STYLE
                COLOR 255 94 126
                OUTLINECOLOR 0 0 255
            END #STYLE
        END #CLASS
    END #LAYER
END #MAP