MAP
    NAME "SS_MAP_RURAL_NUCLEO_AGRARIO"
    INCLUDE  'includes/globals.map'
    WEB
        INCLUDE "includes/temp_directory.map"
        METADATA
            INCLUDE 'includes/common_metadata.map'
        END #METADATA
    END #WEB
    LAYER
        PROJECTION
		 'init=epsg:32614'
		END #PROJECTION
        NAME "SS_MAP_RURAL_NUCLEO_AGRARIO"
        CONNECTIONTYPE POSTGIS
        STATUS DEFAULT
        INCLUDE 'includes/conexion.map'
        DATA "gm_nucleo_agrario from (select lna.id_elemento_geografico, lna.nb_nucleo_agrario, lna.gm_nucleo_agrario, lna.ds_color_elemento as color, lna.ds_color_texto as color_texto, lna.ds_color_sombra_texto as color_sombra from public.l_nucleo_agrario lna) as tmp using unique id_elemento_geografico using srid=32614"
        TYPE POLYGON
        LABELITEM "nb_nucleo_agrario"
        ## Sección 1
        CLASS
            NAME "Albarradones"
            EXPRESSION ('[nb_nucleo_agrario]'= 'ALBARRADONES')
            LABEL	
                TYPE TRUETYPE
                FONT "arial"
                SIZE 13
                PARTIALS FALSE
                COLOR [color_texto]
                OUTLINECOLOR [color_sombra]
            END	
            STYLE
                OPACITY 70
                COLOR 149 0 255
            END #STYLE
            STYLE
                WIDTH 2
                OUTLINECOLOR [color]
            END #STYLE
        END #CLASS
        CLASS
            NAME "La Arcina"
            EXPRESSION ('[nb_nucleo_agrario]'= 'LA ARCINA')
            LABEL	
                TYPE TRUETYPE
                FONT "arial"
                SIZE 13
                PARTIALS FALSE
                COLOR [color_texto]
                OUTLINECOLOR [color_sombra]
            END	
            STYLE
                OPACITY 50
                COLOR 23 9 230
            END #STYLE
            STYLE
                WIDTH 2
                OUTLINECOLOR [color]
            END #STYLE
        END #CLASS
        CLASS
            NAME "Los López"
            EXPRESSION ('[nb_nucleo_agrario]'= 'LOS LOPEZ')
            LABEL	
                TYPE TRUETYPE
                FONT "arial"
                SIZE 13
                PARTIALS FALSE
                COLOR [color_texto]
                OUTLINECOLOR [color_sombra]
            END	
            STYLE
                OPACITY 70
                COLOR 255 211 127
            END #STYLE
            STYLE
                WIDTH 2
                OUTLINECOLOR [color]
            END #STYLE
        END #CLASS
        CLASS
            NAME "Alfaro"
            EXPRESSION ('[nb_nucleo_agrario]'= 'ALFARO')
            LABEL	
                TYPE TRUETYPE
                FONT "arial"
                SIZE 13
                PARTIALS FALSE
                COLOR [color_texto]
                OUTLINECOLOR [color_sombra]
            END	
            STYLE
                OPACITY 70
                COLOR 61 87 255
            END #STYLE
            STYLE
                WIDTH 2
                OUTLINECOLOR [color]
            END #STYLE
        END #CLASS
        # Sección 2
        CLASS
            NAME "San Agustín del Mirasol"
            EXPRESSION ('[nb_nucleo_agrario]'= 'SAN AGUSTIN DEL MIRASOL')
            LABEL	
                TYPE TRUETYPE
                FONT "arial"
                SIZE 13
                PARTIALS FALSE
                COLOR [color_texto]
                OUTLINECOLOR [color_sombra]
            END	
            STYLE
                OPACITY 70
                COLOR  255 190 232
            END #STYLE
            STYLE
                WIDTH 2
                OUTLINECOLOR [color]
            END #STYLE
        END #CLASS
        CLASS
            NAME "Santa Ana del Conde"
            EXPRESSION ('[nb_nucleo_agrario]'= 'SANTA ANA DEL CONDE')
            LABEL	
                TYPE TRUETYPE
                FONT "arial"
                SIZE 13
                PARTIALS FALSE
                COLOR [color_texto]
                OUTLINECOLOR [color_sombra]
            END	
            STYLE
                OPACITY 70
                COLOR  76 230 0
            END #STYLE
            STYLE
                WIDTH 2
                OUTLINECOLOR [color]
            END #STYLE
        END #CLASS
        CLASS
            NAME "Los Arcos"
            EXPRESSION ('[nb_nucleo_agrario]'= 'LOS ARCOS')
            LABEL	
                TYPE TRUETYPE
                FONT "arial"
                SIZE 13
                PARTIALS FALSE
                COLOR [color_texto]
                OUTLINECOLOR [color_sombra]
            END	
            STYLE
                OPACITY 70
                COLOR 255 8 0
            END #STYLE
            STYLE
                WIDTH 2
                OUTLINECOLOR [color]
            END #STYLE
        END #CLASS
        CLASS
            NAME "Barranca del Venadero"
            EXPRESSION ('[nb_nucleo_agrario]'= 'BARRANCA DE VENADEROS')
            LABEL	
                TYPE TRUETYPE
                FONT "arial"
                SIZE 13
                PARTIALS FALSE
                COLOR [color_texto]
                OUTLINECOLOR [color_sombra]
            END	
            STYLE
                OPACITY 70
                COLOR  253 127 111
            END #STYLE
            STYLE
                OPACITY 75
                WIDTH 3
                OUTLINECOLOR [color]
            END #STYLE
        END #CLASS
        #Clasificaión 3 
        CLASS
            NAME "Barretos"
            EXPRESSION ('[nb_nucleo_agrario]'= 'BARRETOS')
            LABEL	
                TYPE TRUETYPE
                FONT "arial"
                SIZE 13
                PARTIALS FALSE
                COLOR [color_texto]
                OUTLINECOLOR [color_sombra]
            END	
            STYLE
                OPACITY 70
                COLOR  255 255 0
            END #STYLE
            STYLE
                OPACITY 50
                WIDTH 3
                OUTLINECOLOR [color]
            END #STYLE
        END #CLASS
        CLASS
            NAME "Benito Juárez (Antes el Escoplo)"
            EXPRESSION ('[nb_nucleo_agrario]'= 'BENITO JUAREZ (ANTES EL ESCOPLO)')
            LABEL	
                TYPE TRUETYPE
                FONT "arial"
                SIZE 13
                PARTIALS FALSE
                COLOR [color_texto]
                OUTLINECOLOR [color_sombra]
            END	
            STYLE
                OPACITY 43
                COLOR 109 61 61
            END #STYLE
            STYLE
                WIDTH 2
                OPACITY 50
                OUTLINECOLOR [color]
            END #STYLE
        END #CLASS
        CLASS
            NAME "La Estancia de Otates"
            EXPRESSION ('[nb_nucleo_agrario]'= 'LA ESTANCIA DE OTATES')
            LABEL	
                TYPE TRUETYPE
                FONT "arial"
                SIZE 13
                PARTIALS FALSE
                COLOR [color_texto]
                OUTLINECOLOR [color_sombra]
            END	
            STYLE
                OPACITY 70
                COLOR  230 76 0
            END #STYLE
            STYLE
                WIDTH 3
                OUTLINECOLOR [color]
            END #STYLE
        END #CLASS
        CLASS
            NAME "Capellanía de Loera"
            EXPRESSION ('[nb_nucleo_agrario]'= 'CAPELLANIA DE LOERA')
            LABEL	
                TYPE TRUETYPE
                FONT "arial"
                SIZE 13
                PARTIALS FALSE
                COLOR [color_texto]
                OUTLINECOLOR [color_sombra]
            END	
            STYLE
                OPACITY 70
                COLOR  0 0 0
            END #STYLE
            STYLE
                OPACITY 50
                WIDTH 1
                OUTLINECOLOR [color]
            END #STYLE
        END #CLASS
        #Clasificación 5
        CLASS
            NAME "San Carlos"
            EXPRESSION ('[nb_nucleo_agrario]'= 'SAN CARLOS')
            LABEL	
                TYPE TRUETYPE
                FONT "arial"
                SIZE 13
                PARTIALS FALSE
                COLOR [color_texto]
                OUTLINECOLOR [color_sombra]
            END	
            STYLE
                OPACITY 70
                COLOR  237 81 81
            END #STYLE
            STYLE
                WIDTH 3
                OPACITY 50
                OUTLINECOLOR [color]
            END #STYLE
        END #CLASS
        CLASS
            NAME "Corral de Piedra"
            EXPRESSION ('[nb_nucleo_agrario]'= 'CORRAL DE PIEDRA')
            LABEL	
                TYPE TRUETYPE
                FONT "arial"
                SIZE 13
                PARTIALS FALSE
                COLOR [color_texto]
                OUTLINECOLOR [color_sombra]
            END	
            STYLE
                OPACITY 70
                COLOR 119 81 255
            END #STYLE
            STYLE
                WIDTH 3
                OPACITY 50
                OUTLINECOLOR [color]
            END #STYLE
        END #CLASS
        CLASS
            NAME "Estancia de los Sapos"
            EXPRESSION ('[nb_nucleo_agrario]'= 'ESTANCIA DE LOS SAPOS')
            LABEL	
                TYPE TRUETYPE
                FONT "arial"
                SIZE 13
                PARTIALS FALSE
                COLOR [color_texto]
                OUTLINECOLOR [color_sombra]
            END	
            STYLE
                OPACITY 70
                COLOR 151 255 81
            END #STYLE
            STYLE
                WIDTH 3
                OPACITY 50
                OUTLINECOLOR [color]
            END #STYLE
        END #CLASS
        CLASS
            NAME "Pompa"
            EXPRESSION ('[nb_nucleo_agrario]'= 'POMPA')
            LABEL	
                TYPE TRUETYPE
                FONT "arial"
                SIZE 13
                PARTIALS FALSE
                COLOR [color_texto]
                OUTLINECOLOR [color_sombra]
            END	
            STYLE
                OPACITY 70
                COLOR 255 81 188
            END #STYLE
            STYLE
                WIDTH 3
                OPACITY 50
                OUTLINECOLOR [color]
            END #STYLE
        END #CLASS
        CLASS
            NAME "La Estancia"
            EXPRESSION ('[nb_nucleo_agrario]'= 'LA ESTANCIA')
            LABEL	
                TYPE TRUETYPE
                FONT "arial"
                SIZE 13
                PARTIALS FALSE
                COLOR [color_texto]
                OUTLINECOLOR [color_sombra]
            END	
            STYLE
                OPACITY 70
                COLOR 146 120 129
            END #STYLE
            STYLE
                WIDTH 3
                OPACITY 50
                OUTLINECOLOR [color]
            END #STYLE
        END #CLASS
        CLASS
            NAME "San Francisco de Durán y el Resplandor"
            EXPRESSION ('[nb_nucleo_agrario]'= 'SAN FRANCISCO DE DURAN Y EL RESPLANDOR')
            LABEL	
                TYPE TRUETYPE
                FONT "arial"
                SIZE 13
                PARTIALS FALSE
                COLOR [color_texto]
                OUTLINECOLOR [color_sombra]
            END	
            STYLE
                OPACITY 70
                COLOR 123 182 140
            END #STYLE
            STYLE
                WIDTH 3
                OPACITY 50
                OUTLINECOLOR [color]
            END #STYLE
        END #CLASS
        CLASS
            NAME "Ibarrilla"
            EXPRESSION ('[nb_nucleo_agrario]'= 'IBARRILLA')
            LABEL	
                TYPE TRUETYPE
                FONT "arial"
                SIZE 13
                PARTIALS FALSE
                COLOR [color_texto]
                OUTLINECOLOR [color_sombra]
            END	
            STYLE
                OPACITY 70
                COLOR 74 51 77
            END #STYLE
            STYLE
                WIDTH 3
                OPACITY 50
                OUTLINECOLOR [color]
            END #STYLE
        END #CLASS
        CLASS
            NAME "San José de Otates"
            EXPRESSION ('[nb_nucleo_agrario]'= 'SAN JOSE DE OTATES')
            LABEL	
                TYPE TRUETYPE
                FONT "arial"
                SIZE 13
                PARTIALS FALSE
                COLOR [color_texto]
                OUTLINECOLOR [color_sombra]
            END	
            STYLE
                OPACITY 70
                COLOR 116 255 81
            END #STYLE
            STYLE
                WIDTH 3
                OPACITY 50
                OUTLINECOLOR [color]
            END #STYLE
        END #CLASS
        CLASS
            NAME "San José de los Romeros"
            EXPRESSION ('[nb_nucleo_agrario]'= 'SAN JOSE DE LOS ROMEROS')
            LABEL	
                TYPE TRUETYPE
                FONT "arial"
                SIZE 13
                PARTIALS FALSE
                COLOR [color_texto]
                OUTLINECOLOR [color_sombra]
            END	
            STYLE
                OPACITY 70
                COLOR 252 255 81
            END #STYLE
            STYLE
                WIDTH 3
                OPACITY 50
                OUTLINECOLOR [color]
            END #STYLE
        END #CLASS
        CLASS
            NAME "San José del Resplandor"
            EXPRESSION ('[nb_nucleo_agrario]'= 'SAN JOSE DEL RESPLANDOR')
            LABEL	
                TYPE TRUETYPE
                FONT "arial"
                SIZE 13
                PARTIALS FALSE
                COLOR [color_texto]
                OUTLINECOLOR [color_sombra]
            END	
            STYLE
                OPACITY 70
                COLOR 255 194 81
            END #STYLE
            STYLE
                WIDTH 3
                OPACITY 50
                OUTLINECOLOR [color]
            END #STYLE
        END #CLASS
        CLASS
            NAME "La Joya"
            EXPRESSION ('[nb_nucleo_agrario]'= 'LA JOYA')
            LABEL	
                TYPE TRUETYPE
                FONT "arial"
                SIZE 13
                PARTIALS FALSE
                COLOR [color_texto]
                OUTLINECOLOR [color_sombra]
            END	
            STYLE
                OPACITY 70
                COLOR 81 142 255
            END #STYLE
            STYLE
                WIDTH 3
                OPACITY 50
                OUTLINECOLOR [color]
            END #STYLE
        END #CLASS
        CLASS
            NAME "San Juan de Abajo"
            EXPRESSION ('[nb_nucleo_agrario]'= 'SAN JUAN DE ABAJO')
            LABEL	
                TYPE TRUETYPE
                FONT "arial"
                SIZE 13
                PARTIALS FALSE
                COLOR [color_texto]
                OUTLINECOLOR [color_sombra]
            END	
            STYLE
                OPACITY 70
                COLOR 255 87 81
            END #STYLE
            STYLE
                WIDTH 3
                OPACITY 50
                OUTLINECOLOR [color]
            END #STYLE
        END #CLASS
        CLASS
            NAME "La Laborcita"
            EXPRESSION ('[nb_nucleo_agrario]'= 'LA LABORCITA')
            LABEL	
                TYPE TRUETYPE
                FONT "arial"
                SIZE 13
                PARTIALS FALSE
                COLOR [color_texto]
                OUTLINECOLOR [color_sombra]
            END	
            STYLE
                OPACITY 70
                COLOR 165 255 81
            END #STYLE
            STYLE
                WIDTH 3
                OPACITY 50
                OUTLINECOLOR [color]
            END #STYLE
        END #CLASS
        CLASS
            NAME "San Juan de Otates"
            EXPRESSION ('[nb_nucleo_agrario]'= 'SAN JUAN DE OTATES')
            LABEL	
                TYPE TRUETYPE
                FONT "arial"
                SIZE 13
                PARTIALS FALSE
                COLOR [color_texto]
                OUTLINECOLOR [color_sombra]
            END	
            STYLE
                OPACITY 70
                COLOR 81 98 255
            END #STYLE
            STYLE
                WIDTH 3
                OPACITY 50
                OUTLINECOLOR [color]
            END #STYLE
        END #CLASS
        ## Sección 1
        CLASS
            NAME "San Judas"
            EXPRESSION ('[nb_nucleo_agrario]'= 'SAN JUDAS')
            LABEL	
                TYPE TRUETYPE
                FONT "arial"
                SIZE 13
                PARTIALS FALSE
                COLOR [color_texto]
                OUTLINECOLOR [color_sombra]
            END	
            STYLE
                OPACITY 70
                COLOR 149 0 255
            END #STYLE
            STYLE
                WIDTH 2
                OUTLINECOLOR [color]
            END #STYLE
        END #CLASS
        CLASS
            NAME "La Loza de los Padres"
            EXPRESSION ('[nb_nucleo_agrario]'= 'LA LOZA DE LOS PADRES')
            LABEL	
                TYPE TRUETYPE
                FONT "arial"
                SIZE 13
                PARTIALS FALSE
                COLOR [color_texto]
                OUTLINECOLOR [color_sombra]
            END	
            STYLE
                OPACITY 70
                COLOR 1 146 230
            END #STYLE
            STYLE
                WIDTH 2
                OUTLINECOLOR [color]
            END #STYLE
        END #CLASS
        CLASS
            NAME "Manzanillas"
            EXPRESSION ('[nb_nucleo_agrario]'= 'MANZANILLAS')
            LABEL	
                TYPE TRUETYPE
                FONT "arial"
                SIZE 13
                PARTIALS FALSE
                COLOR [color_texto]
                OUTLINECOLOR [color_sombra]
            END	
            STYLE
                OPACITY 70
                COLOR 255 211 127
            END #STYLE
            STYLE
                WIDTH 2
                OUTLINECOLOR [color]
            END #STYLE
        END #CLASS
        CLASS
            NAME "San Nicolás de González"
            EXPRESSION ('[nb_nucleo_agrario]'= 'SAN NICOLAS DE LOS GONZALEZ')
            LABEL	
                TYPE TRUETYPE
                FONT "arial"
                SIZE 13
                PARTIALS FALSE
                COLOR [color_texto]
                OUTLINECOLOR [color_sombra]
            END	
            STYLE
                OPACITY 70
                COLOR 61 87 255
            END #STYLE
            STYLE
                WIDTH 2
                OUTLINECOLOR [color]
            END #STYLE
        END #CLASS
        # Sección 2
        CLASS
            NAME "Nuevo Valle de Moreno"
            EXPRESSION ('[nb_nucleo_agrario]'= 'NUEVO VALLE DE MORENO')
            LABEL	
                TYPE TRUETYPE
                FONT "arial"
                SIZE 13
                PARTIALS FALSE
                COLOR [color_texto]
                OUTLINECOLOR [color_sombra]
            END	
            STYLE
                OPACITY 70
                COLOR  255 190 232
            END #STYLE
            STYLE
                WIDTH 2
                OUTLINECOLOR [color]
            END #STYLE
        END #CLASS
        CLASS
            NAME "San Pedro de los Herández"
            EXPRESSION ('[nb_nucleo_agrario]'= 'SAN PEDRO DE LOS HERNANDEZ')
            LABEL	
                TYPE TRUETYPE
                FONT "arial"
                SIZE 13
                PARTIALS FALSE
                COLOR [color_texto]
                OUTLINECOLOR [color_sombra]
            END	
            STYLE
                OPACITY 70
                COLOR  76 230 0
            END #STYLE
            STYLE
                WIDTH 2
                OUTLINECOLOR [color]
            END #STYLE
        END #CLASS
        CLASS
            NAME "San Pedro del Monte"
            EXPRESSION ('[nb_nucleo_agrario]'= 'SAN PEDRO DEL MONTE')
            LABEL	
                TYPE TRUETYPE
                FONT "arial"
                SIZE 13
                PARTIALS FALSE
                COLOR [color_texto]
                OUTLINECOLOR [color_sombra]
            END	
            STYLE
                OPACITY 70
                COLOR  0 197 255
            END #STYLE
            STYLE
                WIDTH 2
                OUTLINECOLOR [color]
            END #STYLE
        END #CLASS
        CLASS
            NAME "Santa Rosa"
            EXPRESSION ('[nb_nucleo_agrario]'= 'SANTA ROSA')
            LABEL	
                TYPE TRUETYPE
                FONT "arial"
                SIZE 13
                PARTIALS FALSE
                COLOR [color_texto]
                OUTLINECOLOR [color_sombra]
            END	
            STYLE
                OPACITY 70
                COLOR  253 127 111
            END #STYLE
            STYLE
                OPACITY 75
                WIDTH 3
                OUTLINECOLOR [color]
            END #STYLE
        END #CLASS
        #Clasificaión 3 
        CLASS
            NAME "La Providencia"
            EXPRESSION ('[nb_nucleo_agrario]'= 'LA PROVIDENCIA')
            LABEL	
                TYPE TRUETYPE
                FONT "arial"
                SIZE 13
                PARTIALS FALSE
                COLOR [color_texto]
                OUTLINECOLOR [color_sombra]
            END	
            STYLE
                OPACITY 70
                COLOR  255 255 0
            END #STYLE
            STYLE
                OPACITY 50
                WIDTH 3
                OUTLINECOLOR [color]
            END #STYLE
        END #CLASS
        CLASS
            NAME "Los Ramírez"
            EXPRESSION ('[nb_nucleo_agrario]'= 'LOS RAMIREZ')
            LABEL	
                TYPE TRUETYPE
                FONT "arial"
                SIZE 13
                PARTIALS FALSE
                COLOR [color_texto]
                OUTLINECOLOR [color_sombra]
            END	
            STYLE
                OPACITY 43
                COLOR 109 61 61
            END #STYLE
            STYLE
                WIDTH 2
                OPACITY 50
                OUTLINECOLOR [color]
            END #STYLE
        END #CLASS
        CLASS
            NAME "Puerta de San Germán"
            EXPRESSION ('[nb_nucleo_agrario]'= 'PUERTA DE SAN GERMAN')
            LABEL	
                TYPE TRUETYPE
                FONT "arial"
                SIZE 13
                PARTIALS FALSE
                COLOR [color_texto]
                OUTLINECOLOR [color_sombra]
            END	
            STYLE
                OPACITY 70
                COLOR  230 76 0
            END #STYLE
            STYLE
                WIDTH 3
                OUTLINECOLOR [color]
            END #STYLE
        END #CLASS
        CLASS
            NAME "Rancho Nuevo"
            EXPRESSION ('[nb_nucleo_agrario]'= 'RANCHO NUEVO')
            LABEL	
                TYPE TRUETYPE
                FONT "arial"
                SIZE 13
                PARTIALS FALSE
                COLOR [color_texto]
                OUTLINECOLOR [color_sombra]
            END	
            STYLE
                OPACITY 70
                COLOR 12 132 141
            END #STYLE
            STYLE
                OPACITY 50
                WIDTH 1
                OUTLINECOLOR [color]
            END #STYLE
        END #CLASS
        #Clasificación 5
        CLASS
            NAME "La Sandía"
            EXPRESSION ('[nb_nucleo_agrario]'= 'LA SANDIA')
            LABEL	
                TYPE TRUETYPE
                FONT "arial"
                SIZE 13
                PARTIALS FALSE
                COLOR [color_texto]
                OUTLINECOLOR [color_sombra]
            END	
            STYLE
                OPACITY 70
                COLOR  237 81 81
            END #STYLE
            STYLE
                WIDTH 3
                OPACITY 50
                OUTLINECOLOR [color]
            END #STYLE
        END #CLASS
        CLASS
            NAME "Los Sauces"
            EXPRESSION ('[nb_nucleo_agrario]'= 'LOS SAUCES')
            LABEL	
                TYPE TRUETYPE
                FONT "arial"
                SIZE 13
                PARTIALS FALSE
                COLOR [color_texto]
                OUTLINECOLOR [color_sombra]
            END	
            STYLE
                OPACITY 70
                COLOR 3 27 165
            END #STYLE
            STYLE
                WIDTH 3
                OPACITY 50
                OUTLINECOLOR [color]
            END #STYLE
        END #CLASS
        CLASS
            NAME "El Sauz Seco"
            EXPRESSION ('[nb_nucleo_agrario]'= 'EL SAUZ SECO')
            LABEL	
                TYPE TRUETYPE
                FONT "arial"
                SIZE 13
                PARTIALS FALSE
                COLOR [color_texto]
                OUTLINECOLOR [color_sombra]
            END	
            STYLE
                OPACITY 70
                COLOR 81 220 255
            END #STYLE
            STYLE
                WIDTH 3
                OPACITY 50
                OUTLINECOLOR [color]
            END #STYLE
        END #CLASS
        CLASS
            NAME "Zaragoza"
            EXPRESSION ('[nb_nucleo_agrario]'= 'ZARAGOZA')
            LABEL	
                TYPE TRUETYPE
                FONT "arial"
                SIZE 13
                PARTIALS FALSE
                COLOR [color_texto]
                OUTLINECOLOR [color_sombra]
            END	
            STYLE
                OPACITY 70
                COLOR 255 81 90
            END #STYLE
            STYLE
                WIDTH 3
                OPACITY 50
                OUTLINECOLOR [color]
            END #STYLE
        END #CLASS
        CLASS
            NAME "Miguel Hidalgo I"
            EXPRESSION ('[nb_nucleo_agrario]'= 'MIGUEL HIDALGO I')
            LABEL	
                TYPE TRUETYPE
                FONT "arial"
                SIZE 13
                PARTIALS FALSE
                COLOR [color_texto]
                OUTLINECOLOR [color_sombra]
            END	
            STYLE
                OPACITY 70
                COLOR 255 81 139
            END #STYLE
            STYLE
                WIDTH 3
                OPACITY 50
                OUTLINECOLOR [color]
            END #STYLE
        END #CLASS
        CLASS
            NAME "El Lindero"
            EXPRESSION ('[nb_nucleo_agrario]'= 'EL LINDERO')
            LABEL	
                TYPE TRUETYPE
                FONT "arial"
                SIZE 13
                PARTIALS FALSE
                COLOR [color_texto]
                OUTLINECOLOR [color_sombra]
            END	
            STYLE
                OPACITY 70
                COLOR 81 255 133
            END #STYLE
            STYLE
                WIDTH 3
                OPACITY 50
                OUTLINECOLOR [color]
            END #STYLE
        END #CLASS
        CLASS
            NAME "Las Coloradas"
            EXPRESSION ('[nb_nucleo_agrario]'= 'LAS COLORADAS')
            LABEL	
                TYPE TRUETYPE
                FONT "arial"
                SIZE 13
                PARTIALS FALSE
                COLOR [color_texto]
                OUTLINECOLOR [color_sombra]
            END	
            STYLE
                OPACITY 70
                COLOR 81 200 255
            END #STYLE
            STYLE
                WIDTH 3
                OPACITY 50
                OUTLINECOLOR [color]
            END #STYLE
        END #CLASS
        CLASS
            NAME "Cuesta Blanca"
            EXPRESSION ('[nb_nucleo_agrario]'= 'CUESTA BLANCA')
            LABEL	
                TYPE TRUETYPE
                FONT "arial"
                SIZE 13
                PARTIALS FALSE
                COLOR [color_texto]
                OUTLINECOLOR [color_sombra]
            END	
            STYLE
                OPACITY 70
                COLOR 116 255 81
            END #STYLE
            STYLE
                WIDTH 3
                OPACITY 50
                OUTLINECOLOR [color]
            END #STYLE
        END #CLASS
        CLASS
            NAME "Miguel Hidalgo II"
            EXPRESSION ('[nb_nucleo_agrario]'= 'MIGUEL HIDALGO II')
            LABEL	
                TYPE TRUETYPE
                FONT "arial"
                SIZE 13
                PARTIALS FALSE
                COLOR [color_texto]
                OUTLINECOLOR [color_sombra]
            END	
            STYLE
                OPACITY 70
                COLOR 252 255 81
            END #STYLE
            STYLE
                WIDTH 3
                OPACITY 50
                OUTLINECOLOR [color]
            END #STYLE
        END #CLASS
        CLASS
            NAME "El Panal"
            EXPRESSION ('[nb_nucleo_agrario]'= 'EL PANAL')
            LABEL	
                TYPE TRUETYPE
                FONT "arial"
                SIZE 13
                PARTIALS FALSE
                COLOR [color_texto]
                OUTLINECOLOR [color_sombra]
            END	
            STYLE
                OPACITY 70
                COLOR 255 194 81
            END #STYLE
            STYLE
                WIDTH 3
                OPACITY 50
                OUTLINECOLOR [color]
            END #STYLE
        END #CLASS
        CLASS
            NAME "San Rafael"
            EXPRESSION ('[nb_nucleo_agrario]'= 'SAN RAFAEL')
            LABEL	
                TYPE TRUETYPE
                FONT "arial"
                SIZE 13
                PARTIALS FALSE
                COLOR [color_texto]
                OUTLINECOLOR [color_sombra]
            END	
            STYLE
                OPACITY 70
                COLOR 81 142 255
            END #STYLE
            STYLE
                WIDTH 3
                OPACITY 50
                OUTLINECOLOR [color]
            END #STYLE
        END #CLASS
        CLASS
            NAME "El Tomate"
            EXPRESSION ('[nb_nucleo_agrario]'= 'EL TOMATE')
            LABEL	
                TYPE TRUETYPE
                FONT "arial"
                SIZE 13
                PARTIALS FALSE
                COLOR [color_texto]
                OUTLINECOLOR [color_sombra]
            END	
            STYLE
                OPACITY 70
                COLOR 19 207 182
            END #STYLE
            STYLE
                WIDTH 3
                OPACITY 50
                OUTLINECOLOR [color]
            END #STYLE
        END #CLASS
        CLASS
            NAME "San José de los Romeros"
            EXPRESSION ('[nb_nucleo_agrario]'= 'SAN JOSE DE LOS ROMEROS')
            LABEL	
                TYPE TRUETYPE
                FONT "arial"
                SIZE 13
                PARTIALS FALSE
                COLOR [color_texto]
                OUTLINECOLOR [color_sombra]
            END	
            STYLE
                OPACITY 70
                COLOR 255 81 177
            END #STYLE
            STYLE
                WIDTH 3
                OPACITY 50
                OUTLINECOLOR [color]
            END #STYLE
        END #CLASS
        CLASS
            NAME "La Loza de los Padres"
            EXPRESSION ('[nb_nucleo_agrario]'= 'LA LOZA DE LOS PADRES')
            LABEL	
                TYPE TRUETYPE
                FONT "arial"
                SIZE 13
                PARTIALS FALSE
                COLOR [color_texto]
                OUTLINECOLOR [color_sombra]
            END	
            STYLE
                OPACITY 70
                COLOR 81 98 255
            END #STYLE
            STYLE
                WIDTH 3
                OPACITY 50
                OUTLINECOLOR [color]
            END #STYLE
        END #CLASS 
    END #LAYER
END #MAP